---
source: crates/spec/src/snapshot_tests.rs
expression: toml_str
---
[schema_version]
major = 1
minor = 0

[[gates]]
id = "fmt"
label = "Format Check"
command = "cargo fmt -- --check"
category = "required"
timeout_secs = 60
allow_skip = false

[[gates]]
id = "clippy"
label = "Clippy Lints"
command = "cargo clippy -- -D warnings"
category = "required"
timeout_secs = 120
allow_skip = false

[[gates]]
id = "unit-tests"
label = "Unit Tests"
command = "cargo test"
category = "required"
timeout_secs = 300
allow_skip = false

[[gates]]
id = "doc-tests"
label = "Documentation Tests"
command = "cargo test --doc"
category = "scored"
timeout_secs = 120
allow_skip = true
